#
# There is insufficient memory for the Java Runtime Environment to continue.
# Native memory allocation (malloc) failed to allocate 1048576 bytes. Error detail: AllocateHeap
# Possible reasons:
#   The system is out of physical RAM or swap space
#   This process is running with CompressedOops enabled, and the Java Heap may be blocking the growth of the native heap
# Possible solutions:
#   Reduce memory load on the system
#   Increase physical memory or swap space
#   Check if swap backing store is full
#   Decrease Java heap size (-Xmx/-Xms)
#   Decrease number of Java threads
#   Decrease Java thread stack sizes (-Xss)
#   Set larger code cache with -XX:ReservedCodeCacheSize=
#   JVM is running with Unscaled Compressed Oops mode in which the Java heap is
#     placed in the first 4GB address space. The Java Heap base address is the
#     maximum limit for the native heap growth. Please use -XX:HeapBaseMinAddress
#     to set the Java Heap base and to place the Java Heap above 4GB virtual address.
# This output file may be truncated or incomplete.
#
#  Out of Memory Error (allocation.cpp:44), pid=19084, tid=13984
#
# JRE version: OpenJDK Runtime Environment Temurin-21.0.10+7 (21.0.10+7) (build 21.0.10+7-LTS)
# Java VM: OpenJDK 64-Bit Server VM Temurin-21.0.10+7 (21.0.10+7-LTS, mixed mode, sharing, tiered, compressed oops, compressed class ptrs, parallel gc, windows-amd64)
# No core dump will be written. Minidumps are not enabled by default on client versions of Windows
#

---------------  S U M M A R Y ------------

Command Line: --add-modules=ALL-SYSTEM --add-opens=java.base/java.util=ALL-UNNAMED --add-opens=java.base/java.lang=ALL-UNNAMED --add-opens=java.base/sun.nio.fs=ALL-UNNAMED -Declipse.application=org.eclipse.jdt.ls.core.id1 -Dosgi.bundles.defaultStartLevel=4 -Declipse.product=org.eclipse.jdt.ls.core.product -Djava.import.generatesMetadataFilesAtProjectRoot=false -DDetectVMInstallationsJob.disabled=true -Dfile.encoding=utf8 -XX:+UseParallelGC -XX:GCTimeRatio=4 -XX:AdaptiveSizePolicyWeight=90 -Dsun.zip.disableMemoryMapping=true -Xmx2G -Xms100m -Xlog:disable -javaagent:c:\Users\HP\.antigravity\extensions\redhat.java-1.53.0-win32-x64\lombok\lombok-1.18.39-4050.jar -XX:+HeapDumpOnOutOfMemoryError -XX:HeapDumpPath=c:\Users\HP\AppData\Roaming\Antigravity\User\workspaceStorage\a7d5bace82118a28a6578b1ee4569371\redhat.java -Daether.dependencyCollector.impl=bf c:\Users\HP\.antigravity\extensions\redhat.java-1.53.0-win32-x64\server\plugins\org.eclipse.equinox.launcher_1.7.100.v20251111-0406.jar -configuration c:\Users\HP\AppData\Roaming\Antigravity\User\globalStorage\redhat.java\1.53.0\config_win -data c:\Users\HP\AppData\Roaming\Antigravity\User\workspaceStorage\a7d5bace82118a28a6578b1ee4569371\redhat.java\jdt_ws --pipe=\\.\pipe\lsp-fc56417351d12a32551ecca0caec67a0-sock

Host: Intel(R) Core(TM) i3-1005G1 CPU @ 1.20GHz, 4 cores, 3G,  Windows 11 , 64 bit Build 26100 (10.0.26100.7705)
Time: Fri Apr 10 22:04:55 2026 Bangladesh Standard Time elapsed time: 2625.318224 seconds (0d 0h 43m 45s)

---------------  T H R E A D  ---------------

Current thread (0x000002b5eaf6f540):  JavaThread "Attach Listener" daemon [_thread_in_vm, id=13984, stack(0x000000ef09400000,0x000000ef09500000) (1024K)]

Stack: [0x000000ef09400000,0x000000ef09500000]
Native frames: (J=compiled Java code, j=interpreted, Vv=VM code, C=native code)
V  [jvm.dll+0x6d7a39]
V  [jvm.dll+0x8b4b26]
V  [jvm.dll+0x8b70de]
V  [jvm.dll+0x8b77c3]
V  [jvm.dll+0x284346]
V  [jvm.dll+0xc1277]
V  [jvm.dll+0x6d82e9]
V  [jvm.dll+0x1334a6]
V  [jvm.dll+0x3f857e]
V  [jvm.dll+0x85f59d]
V  [jvm.dll+0x6d626d]
C  [ucrtbase.dll+0x37b0]
C  [KERNEL32.DLL+0x2e8d7]
C  [ntdll.dll+0x8c40c]


---------------  P R O C E S S  ---------------

Threads class SMR info:
_java_thread_list=0x000002b5cb82f020, length=31, elements={
0x000002b5eb080510, 0x000002b5eaf66db0, 0x000002b5eaf6c250, 0x000002b5eaf6e660,
0x000002b5eaf6f540, 0x000002b5eaf76620, 0x000002b5eaf77080, 0x000002b5eaf79ba0,
0x000002b5eaff05f0, 0x000002b5fe73d2d0, 0x000002b5fe8efa60, 0x000002b5fef32f60,
0x000002b5fedea690, 0x000002b5ff153b30, 0x000002b5ff144030, 0x000002b5c94b6550,
0x000002b5c9562d60, 0x000002b5fe9d5ff0, 0x000002b5fe9d80c0, 0x000002b5fe9d6d10,
0x000002b5fe9d9470, 0x000002b5cb4abfe0, 0x000002b5cb4ab2c0, 0x000002b5cb4aa5a0,
0x000002b5cb4ac670, 0x000002b5cb4aac30, 0x000002b5cb4ab950, 0x000002b5cb4a91f0,
0x000002b5cb4ae740, 0x000002b5cb4aedd0, 0x000002b5cb4af460
}

Java Threads: ( => current thread )
  0x000002b5eb080510 JavaThread "main"                              [_thread_blocked, id=6576, stack(0x000000ef08d00000,0x000000ef08e00000) (1024K)]
  0x000002b5eaf66db0 JavaThread "Reference Handler"          daemon [_thread_blocked, id=8772, stack(0x000000ef09100000,0x000000ef09200000) (1024K)]
  0x000002b5eaf6c250 JavaThread "Finalizer"                  daemon [_thread_blocked, id=14840, stack(0x000000ef09200000,0x000000ef09300000) (1024K)]
  0x000002b5eaf6e660 JavaThread "Signal Dispatcher"          daemon [_thread_blocked, id=19312, stack(0x000000ef09300000,0x000000ef09400000) (1024K)]
=>0x000002b5eaf6f540 JavaThread "Attach Listener"            daemon [_thread_in_vm, id=13984, stack(0x000000ef09400000,0x000000ef09500000) (1024K)]
  0x000002b5eaf76620 JavaThread "Service Thread"             daemon [_thread_blocked, id=11464, stack(0x000000ef09500000,0x000000ef09600000) (1024K)]
  0x000002b5eaf77080 JavaThread "Monitor Deflation Thread"   daemon [_thread_blocked, id=4880, stack(0x000000ef09600000,0x000000ef09700000) (1024K)]
  0x000002b5eaf79ba0 JavaThread "C2 CompilerThread0"         daemon [_thread_blocked, id=18672, stack(0x000000ef09700000,0x000000ef09800000) (1024K)]
  0x000002b5eaff05f0 JavaThread "C1 CompilerThread0"         daemon [_thread_blocked, id=17820, stack(0x000000ef09800000,0x000000ef09900000) (1024K)]
  0x000002b5fe73d2d0 JavaThread "Common-Cleaner"             daemon [_thread_blocked, id=8028, stack(0x000000ef09900000,0x000000ef09a00000) (1024K)]
  0x000002b5fe8efa60 JavaThread "Notification Thread"        daemon [_thread_blocked, id=10708, stack(0x000000ef09a00000,0x000000ef09b00000) (1024K)]
  0x000002b5fef32f60 JavaThread "Active Thread: Equinox Container: 1ff9a80e-3246-4069-b687-aea65db7ad25"        [_thread_blocked, id=16604, stack(0x000000ef09f00000,0x000000ef0a000000) (1024K)]
  0x000002b5fedea690 JavaThread "Refresh Thread: Equinox Container: 1ff9a80e-3246-4069-b687-aea65db7ad25" daemon [_thread_blocked, id=3880, stack(0x000000ef09e00000,0x000000ef09f00000) (1024K)]
  0x000002b5ff153b30 JavaThread "Framework Event Dispatcher: Equinox Container: 1ff9a80e-3246-4069-b687-aea65db7ad25" daemon [_thread_blocked, id=10636, stack(0x000000ef0a000000,0x000000ef0a100000) (1024K)]
  0x000002b5ff144030 JavaThread "Start Level: Equinox Container: 1ff9a80e-3246-4069-b687-aea65db7ad25" daemon [_thread_blocked, id=13376, stack(0x000000ef0a100000,0x000000ef0a200000) (1024K)]
  0x000002b5c94b6550 JavaThread "Bundle File Closer"         daemon [_thread_blocked, id=6408, stack(0x000000ef0a300000,0x000000ef0a400000) (1024K)]
  0x000002b5c9562d60 JavaThread "SCR Component Actor"        daemon [_thread_blocked, id=2068, stack(0x000000ef0a200000,0x000000ef0a300000) (1024K)]
  0x000002b5fe9d5ff0 JavaThread "Worker-JM"                         [_thread_blocked, id=2384, stack(0x000000ef0a400000,0x000000ef0a500000) (1024K)]
  0x000002b5fe9d80c0 JavaThread "JNA Cleaner"                daemon [_thread_blocked, id=10316, stack(0x000000ef0a500000,0x000000ef0a600000) (1024K)]
  0x000002b5fe9d6d10 JavaThread "Worker-1"                          [_thread_blocked, id=10976, stack(0x000000ef0a700000,0x000000ef0a800000) (1024K)]
  0x000002b5fe9d9470 JavaThread "Java indexing"              daemon [_thread_blocked, id=14848, stack(0x000000ef0ab00000,0x000000ef0ac00000) (1024K)]
  0x000002b5cb4abfe0 JavaThread "Worker-4"                          [_thread_blocked, id=12480, stack(0x000000ef0ae00000,0x000000ef0af00000) (1024K)]
  0x000002b5cb4ab2c0 JavaThread "Thread-1"                   daemon [_thread_in_native, id=13384, stack(0x000000ef0b000000,0x000000ef0b100000) (1024K)]
  0x000002b5cb4aa5a0 JavaThread "Thread-2"                   daemon [_thread_in_native, id=11028, stack(0x000000ef0b100000,0x000000ef0b200000) (1024K)]
  0x000002b5cb4ac670 JavaThread "Thread-3"                   daemon [_thread_in_native, id=1164, stack(0x000000ef0b200000,0x000000ef0b300000) (1024K)]
  0x000002b5cb4aac30 JavaThread "Thread-4"                   daemon [_thread_in_native, id=17708, stack(0x000000ef0b300000,0x000000ef0b400000) (1024K)]
  0x000002b5cb4ab950 JavaThread "Thread-5"                   daemon [_thread_in_native, id=9660, stack(0x000000ef0b400000,0x000000ef0b500000) (1024K)]
  0x000002b5cb4a91f0 JavaThread "pool-2-thread-1"                   [_thread_blocked, id=17200, stack(0x000000ef0b500000,0x000000ef0b600000) (1024K)]
  0x000002b5cb4ae740 JavaThread "WorkspaceEventsHandler"            [_thread_blocked, id=18544, stack(0x000000ef0b600000,0x000000ef0b700000) (1024K)]
  0x000002b5cb4aedd0 JavaThread "pool-1-thread-1"                   [_thread_blocked, id=18540, stack(0x000000ef0b700000,0x000000ef0b800000) (1024K)]
  0x000002b5cb4af460 JavaThread "Cleaner-0"                  daemon [_thread_blocked, id=4964, stack(0x000000ef0a800000,0x000000ef0a900000) (1024K)]
Total: 31

Other Threads:
  0x000002b5eb13c3b0 VMThread "VM Thread"                           [id=16516, stack(0x000000ef09000000,0x000000ef09100000) (1024K)]
  0x000002b5eb0ef3a0 WatcherThread "VM Periodic Task Thread"        [id=8344, stack(0x000000ef08f00000,0x000000ef09000000) (1024K)]
  0x000002b5eb09e910 WorkerThread "GC Thread#0"                     [id=11104, stack(0x000000ef08e00000,0x000000ef08f00000) (1024K)]
  0x000002b5ff0ea2b0 WorkerThread "GC Thread#1"                     [id=14392, stack(0x000000ef09b00000,0x000000ef09c00000) (1024K)]
  0x000002b5fed07600 WorkerThread "GC Thread#2"                     [id=6016, stack(0x000000ef09c00000,0x000000ef09d00000) (1024K)]
  0x000002b5ff0ea660 WorkerThread "GC Thread#3"                     [id=6764, stack(0x000000ef09d00000,0x000000ef09e00000) (1024K)]
Total: 6

Threads with active compile tasks:
Total: 0

VM state: not at safepoint (normal execution)

VM Mutex/Monitor currently owned by a thread: None

Heap address: 0x0000000080000000, size: 2048 MB, Compressed Oops mode: 32-bit

CDS archive(s) mapped at: [0x000002b584000000-0x000002b584ba0000-0x000002b584ba0000), size 12189696, SharedBaseAddress: 0x000002b584000000, ArchiveRelocationMode: 1.
Compressed class space mapped at: 0x000002b585000000-0x000002b5c5000000, reserved size: 1073741824
Narrow klass base: 0x000002b584000000, Narrow klass shift: 0, Narrow klass range: 0x100000000

GC Precious Log:
 CardTable entry size: 512
 CPUs: 4 total, 4 available
 Memory: 3877M
 Large Page Support: Disabled
 NUMA Support: Disabled
 Compressed Oops: Enabled (32-bit)
 Alignments: Space 512K, Generation 512K, Heap 2M
 Heap Min Capacity: 100M
 Heap Initial Capacity: 100M
 Heap Max Capacity: 2G
 Pre-touch: Disabled
 Parallel Workers: 4

Heap:
 PSYoungGen      total 11776K, used 6819K [0x00000000d5580000, 0x00000000d6500000, 0x0000000100000000)
  eden space 10752K, 54% used [0x00000000d5580000,0x00000000d5b3fbf0,0x00000000d6000000)
  from space 1024K, 91% used [0x00000000d6400000,0x00000000d64e9320,0x00000000d6500000)
  to   space 2048K, 0% used [0x00000000d6100000,0x00000000d6100000,0x00000000d6300000)
 ParOldGen       total 70656K, used 70204K [0x0000000080000000, 0x0000000084500000, 0x00000000d5580000)
  object space 70656K, 99% used [0x0000000080000000,0x000000008448f3c0,0x0000000084500000)
 Metaspace       used 69056K, committed 70592K, reserved 1114112K
  class space    used 7138K, committed 7808K, reserved 1048576K

Card table byte_map: [0x000002b5eaa20000,0x000002b5eae30000] _byte_map_base: 0x000002b5ea620000

Marking Bits: (ParMarkBitMap*) 0x00007ffa3f9e3450
 Begin Bits: [0x000002b580000000, 0x000002b582000000)
 End Bits:   [0x000002b582000000, 0x000002b584000000)

Polling page: 0x000002b5e9100000

Metaspace:

Usage:
  Non-class:     60.47 MB used.
      Class:      6.97 MB used.
       Both:     67.44 MB used.

Virtual space:
  Non-class space:       64.00 MB reserved,      61.31 MB ( 96%) committed,  1 nodes.
      Class space:        1.00 GB reserved,       7.62 MB ( <1%) committed,  1 nodes.
             Both:        1.06 GB reserved,      68.94 MB (  6%) committed. 

Chunk freelists:
   Non-Class:  2.14 MB
       Class:  8.24 MB
        Both:  10.38 MB

MaxMetaspaceSize: unlimited
CompressedClassSpaceSize: 1.00 GB
Initial GC threshold: 21.00 MB
Current GC threshold: 98.12 MB
CDS: on
 - commit_granule_bytes: 65536.
 - commit_granule_words: 8192.
 - virtual_space_node_default_size: 8388608.
 - enlarge_chunks_in_place: 1.
 - use_allocation_guard: 0.


Internal statistics:

num_allocs_failed_limit: 13.
num_arena_births: 1240.
num_arena_deaths: 14.
num_vsnodes_births: 2.
num_vsnodes_deaths: 0.
num_space_committed: 1103.
num_space_uncommitted: 0.
num_chunks_returned_to_freelist: 27.
num_chunks_taken_from_freelist: 4470.
num_chunk_merges: 16.
num_chunk_splits: 2787.
num_chunks_enlarged: 1638.
num_inconsistent_stats: 0.

CodeHeap 'non-profiled nmethods': size=120000Kb used=9842Kb max_used=9842Kb free=110157Kb
 bounds [0x000002b5f5d50000, 0x000002b5f66f0000, 0x000002b5fd280000]
CodeHeap 'profiled nmethods': size=120000Kb used=29466Kb max_used=29466Kb free=90533Kb
 bounds [0x000002b5ee280000, 0x000002b5eff50000, 0x000002b5f57b0000]
CodeHeap 'non-nmethods': size=5760Kb used=1471Kb max_used=1532Kb free=4288Kb
 bounds [0x000002b5f57b0000, 0x000002b5f5a20000, 0x000002b5f5d50000]
CodeCache: size=245760Kb, used=40779Kb, max_used=40840Kb, free=204978Kb
 total_blobs=12894, nmethods=12121, adapters=677, full_count=0
Compilation: enabled, stopped_count=0, restarted_count=0

Compilation events (20 events):
Event: 1899.588 Thread 0x000002b5eaff05f0 12923       3       org.eclipse.lsp4j.jsonrpc.json.adapters.MessageTypeAdapter::getParameterTypes (26 bytes)
Event: 1899.597 Thread 0x000002b5eaff05f0 nmethod 12923 0x000002b5eff3ec10 code [0x000002b5eff3ede0, 0x000002b5eff3f000]
Event: 1907.568 Thread 0x000002b5eaff05f0 12924       3       java.util.concurrent.ThreadPoolExecutor::afterExecute (1 bytes)
Event: 1908.060 Thread 0x000002b5eaff05f0 nmethod 12924 0x000002b5eff3f110 code [0x000002b5eff3f2a0, 0x000002b5eff3f3a8]
Event: 1935.780 Thread 0x000002b5eaff05f0 12925       3       java.lang.Module::getClassLoader (20 bytes)
Event: 1936.556 Thread 0x000002b5eaff05f0 nmethod 12925 0x000002b5eff3f410 code [0x000002b5eff3f5c0, 0x000002b5eff3f7b8]
Event: 2081.629 Thread 0x000002b5eaff05f0 12926       3       java.util.concurrent.ScheduledThreadPoolExecutor$DelayedWorkQueue::finishPoll (43 bytes)
Event: 2081.692 Thread 0x000002b5eaff05f0 nmethod 12926 0x000002b5eff3f890 code [0x000002b5eff3fa60, 0x000002b5eff3ffe8]
Event: 2081.693 Thread 0x000002b5eaff05f0 12927       3       java.util.concurrent.locks.AbstractQueuedSynchronizer$ConditionObject::awaitNanos (202 bytes)
Event: 2081.798 Thread 0x000002b5eaff05f0 nmethod 12927 0x000002b5eff40190 code [0x000002b5eff40480, 0x000002b5eff41310]
Event: 2089.321 Thread 0x000002b5eaff05f0 12928       3       java.util.concurrent.ScheduledThreadPoolExecutor$DelayedWorkQueue::add (9 bytes)
Event: 2089.766 Thread 0x000002b5eaff05f0 nmethod 12928 0x000002b5eff41910 code [0x000002b5eff41ae0, 0x000002b5eff41db8]
Event: 2108.927 Thread 0x000002b5eaff05f0 12932   !   3       java.util.concurrent.FutureTask::runAndReset (125 bytes)
Event: 2109.001 Thread 0x000002b5eaff05f0 nmethod 12932 0x000002b5eff41e90 code [0x000002b5eff42300, 0x000002b5eff447b0]
Event: 2113.106 Thread 0x000002b5eaf79ba0 12935       4       java.util.HashMap::putIfAbsent (13 bytes)
Event: 2113.222 Thread 0x000002b5eaf79ba0 nmethod 12935 0x000002b5f66eba90 code [0x000002b5f66ebcc0, 0x000002b5f66ec460]
Event: 2399.458 Thread 0x000002b5eaff05f0 12937       3       java.util.Optional::get (22 bytes)
Event: 2399.488 Thread 0x000002b5eaff05f0 nmethod 12937 0x000002b5eff45310 code [0x000002b5eff454c0, 0x000002b5eff456e0]
Event: 2580.726 Thread 0x000002b5eaff05f0 12938       3       org.eclipse.jdt.ls.core.internal.ParentProcessWatcher::run (83 bytes)
Event: 2580.981 Thread 0x000002b5eaff05f0 nmethod 12938 0x000002b5eff45810 code [0x000002b5eff45aa0, 0x000002b5eff464f8]

GC Heap History (20 events):
Event: 1591.158 GC heap before
{Heap before GC invocations=70 (full 3):
 PSYoungGen      total 12800K, used 12771K [0x00000000d5580000, 0x00000000d6380000, 0x0000000100000000)
  eden space 12288K, 100% used [0x00000000d5580000,0x00000000d6180000,0x00000000d6180000)
  from space 512K, 94% used [0x00000000d6300000,0x00000000d6378f18,0x00000000d6380000)
  to   space 1024K, 0% used [0x00000000d6180000,0x00000000d6180000,0x00000000d6280000)
 ParOldGen       total 68608K, used 61786K [0x0000000080000000, 0x0000000084300000, 0x00000000d5580000)
  object space 68608K, 90% used [0x0000000080000000,0x0000000083c56980,0x0000000084300000)
 Metaspace       used 68777K, committed 70272K, reserved 1114112K
  class space    used 7129K, committed 7744K, reserved 1048576K
}
Event: 1593.000 GC heap after
{Heap after GC invocations=70 (full 3):
 PSYoungGen      total 13312K, used 994K [0x00000000d5580000, 0x00000000d6a80000, 0x0000000100000000)
  eden space 12288K, 0% used [0x00000000d5580000,0x00000000d5580000,0x00000000d6180000)
  from space 1024K, 97% used [0x00000000d6180000,0x00000000d6278ae0,0x00000000d6280000)
  to   space 4608K, 0% used [0x00000000d6600000,0x00000000d6600000,0x00000000d6a80000)
 ParOldGen       total 68608K, used 64621K [0x0000000080000000, 0x0000000084300000, 0x00000000d5580000)
  object space 68608K, 94% used [0x0000000080000000,0x0000000083f1b600,0x0000000084300000)
 Metaspace       used 68777K, committed 70272K, reserved 1114112K
  class space    used 7129K, committed 7744K, reserved 1048576K
}
Event: 1599.018 GC heap before
{Heap before GC invocations=71 (full 3):
 PSYoungGen      total 13312K, used 13282K [0x00000000d5580000, 0x00000000d6a80000, 0x0000000100000000)
  eden space 12288K, 100% used [0x00000000d5580000,0x00000000d6180000,0x00000000d6180000)
  from space 1024K, 97% used [0x00000000d6180000,0x00000000d6278ae0,0x00000000d6280000)
  to   space 4608K, 0% used [0x00000000d6600000,0x00000000d6600000,0x00000000d6a80000)
 ParOldGen       total 68608K, used 64621K [0x0000000080000000, 0x0000000084300000, 0x00000000d5580000)
  object space 68608K, 94% used [0x0000000080000000,0x0000000083f1b600,0x0000000084300000)
 Metaspace       used 68828K, committed 70336K, reserved 1114112K
  class space    used 7132K, committed 7744K, reserved 1048576K
}
Event: 1599.024 GC heap after
{Heap after GC invocations=71 (full 3):
 PSYoungGen      total 12800K, used 128K [0x00000000d5580000, 0x00000000d6680000, 0x0000000100000000)
  eden space 12288K, 0% used [0x00000000d5580000,0x00000000d5580000,0x00000000d6180000)
  from space 512K, 25% used [0x00000000d6600000,0x00000000d6620000,0x00000000d6680000)
  to   space 1536K, 0% used [0x00000000d6380000,0x00000000d6380000,0x00000000d6500000)
 ParOldGen       total 68608K, used 64719K [0x0000000080000000, 0x0000000084300000, 0x00000000d5580000)
  object space 68608K, 94% used [0x0000000080000000,0x0000000083f33ee0,0x0000000084300000)
 Metaspace       used 68828K, committed 70336K, reserved 1114112K
  class space    used 7132K, committed 7744K, reserved 1048576K
}
Event: 1599.656 GC heap before
{Heap before GC invocations=72 (full 3):
 PSYoungGen      total 12800K, used 12416K [0x00000000d5580000, 0x00000000d6680000, 0x0000000100000000)
  eden space 12288K, 100% used [0x00000000d5580000,0x00000000d6180000,0x00000000d6180000)
  from space 512K, 25% used [0x00000000d6600000,0x00000000d6620000,0x00000000d6680000)
  to   space 1536K, 0% used [0x00000000d6380000,0x00000000d6380000,0x00000000d6500000)
 ParOldGen       total 68608K, used 64719K [0x0000000080000000, 0x0000000084300000, 0x00000000d5580000)
  object space 68608K, 94% used [0x0000000080000000,0x0000000083f33ee0,0x0000000084300000)
 Metaspace       used 68915K, committed 70464K, reserved 1114112K
  class space    used 7132K, committed 7744K, reserved 1048576K
}
Event: 1599.658 GC heap after
{Heap after GC invocations=72 (full 3):
 PSYoungGen      total 13824K, used 1418K [0x00000000d5580000, 0x00000000d6680000, 0x0000000100000000)
  eden space 12288K, 0% used [0x00000000d5580000,0x00000000d5580000,0x00000000d6180000)
  from space 1536K, 92% used [0x00000000d6380000,0x00000000d64e2ba0,0x00000000d6500000)
  to   space 1536K, 0% used [0x00000000d6500000,0x00000000d6500000,0x00000000d6680000)
 ParOldGen       total 68608K, used 64759K [0x0000000080000000, 0x0000000084300000, 0x00000000d5580000)
  object space 68608K, 94% used [0x0000000080000000,0x0000000083f3dee0,0x0000000084300000)
 Metaspace       used 68915K, committed 70464K, reserved 1114112K
  class space    used 7132K, committed 7744K, reserved 1048576K
}
Event: 1599.691 GC heap before
{Heap before GC invocations=73 (full 3):
 PSYoungGen      total 13824K, used 13706K [0x00000000d5580000, 0x00000000d6680000, 0x0000000100000000)
  eden space 12288K, 100% used [0x00000000d5580000,0x00000000d6180000,0x00000000d6180000)
  from space 1536K, 92% used [0x00000000d6380000,0x00000000d64e2ba0,0x00000000d6500000)
  to   space 1536K, 0% used [0x00000000d6500000,0x00000000d6500000,0x00000000d6680000)
 ParOldGen       total 68608K, used 64759K [0x0000000080000000, 0x0000000084300000, 0x00000000d5580000)
  object space 68608K, 94% used [0x0000000080000000,0x0000000083f3dee0,0x0000000084300000)
 Metaspace       used 68918K, committed 70464K, reserved 1114112K
  class space    used 7132K, committed 7744K, reserved 1048576K
}
Event: 1599.694 GC heap after
{Heap after GC invocations=73 (full 3):
 PSYoungGen      total 12288K, used 1525K [0x00000000d5580000, 0x00000000d6b80000, 0x0000000100000000)
  eden space 10752K, 0% used [0x00000000d5580000,0x00000000d5580000,0x00000000d6000000)
  from space 1536K, 99% used [0x00000000d6500000,0x00000000d667d480,0x00000000d6680000)
  to   space 5120K, 0% used [0x00000000d6000000,0x00000000d6000000,0x00000000d6500000)
 ParOldGen       total 68608K, used 67359K [0x0000000080000000, 0x0000000084300000, 0x00000000d5580000)
  object space 68608K, 98% used [0x0000000080000000,0x00000000841c7ee0,0x0000000084300000)
 Metaspace       used 68918K, committed 70464K, reserved 1114112K
  class space    used 7132K, committed 7744K, reserved 1048576K
}
Event: 1600.150 GC heap before
{Heap before GC invocations=74 (full 3):
 PSYoungGen      total 12288K, used 12265K [0x00000000d5580000, 0x00000000d6b80000, 0x0000000100000000)
  eden space 10752K, 99% used [0x00000000d5580000,0x00000000d5ffd0d8,0x00000000d6000000)
  from space 1536K, 99% used [0x00000000d6500000,0x00000000d667d480,0x00000000d6680000)
  to   space 5120K, 0% used [0x00000000d6000000,0x00000000d6000000,0x00000000d6500000)
 ParOldGen       total 68608K, used 67359K [0x0000000080000000, 0x0000000084300000, 0x00000000d5580000)
  object space 68608K, 98% used [0x0000000080000000,0x00000000841c7ee0,0x0000000084300000)
 Metaspace       used 68924K, committed 70464K, reserved 1114112K
  class space    used 7132K, committed 7744K, reserved 1048576K
}
Event: 1600.152 GC heap after
{Heap after GC invocations=74 (full 3):
 PSYoungGen      total 11264K, used 276K [0x00000000d5580000, 0x00000000d6580000, 0x0000000100000000)
  eden space 10752K, 0% used [0x00000000d5580000,0x00000000d5580000,0x00000000d6000000)
  from space 512K, 53% used [0x00000000d6000000,0x00000000d60451c0,0x00000000d6080000)
  to   space 2048K, 0% used [0x00000000d6380000,0x00000000d6380000,0x00000000d6580000)
 ParOldGen       total 68608K, used 67367K [0x0000000080000000, 0x0000000084300000, 0x00000000d5580000)
  object space 68608K, 98% used [0x0000000080000000,0x00000000841c9ee0,0x0000000084300000)
 Metaspace       used 68924K, committed 70464K, reserved 1114112K
  class space    used 7132K, committed 7744K, reserved 1048576K
}
Event: 1601.517 GC heap before
{Heap before GC invocations=75 (full 3):
 PSYoungGen      total 11264K, used 11028K [0x00000000d5580000, 0x00000000d6580000, 0x0000000100000000)
  eden space 10752K, 100% used [0x00000000d5580000,0x00000000d6000000,0x00000000d6000000)
  from space 512K, 53% used [0x00000000d6000000,0x00000000d60451c0,0x00000000d6080000)
  to   space 2048K, 0% used [0x00000000d6380000,0x00000000d6380000,0x00000000d6580000)
 ParOldGen       total 68608K, used 67367K [0x0000000080000000, 0x0000000084300000, 0x00000000d5580000)
  object space 68608K, 98% used [0x0000000080000000,0x00000000841c9ee0,0x0000000084300000)
 Metaspace       used 68934K, committed 70464K, reserved 1114112K
  class space    used 7132K, committed 7744K, reserved 1048576K
}
Event: 1601.521 GC heap after
{Heap after GC invocations=75 (full 3):
 PSYoungGen      total 11264K, used 340K [0x00000000d5580000, 0x00000000d6400000, 0x0000000100000000)
  eden space 10752K, 0% used [0x00000000d5580000,0x00000000d5580000,0x00000000d6000000)
  from space 512K, 66% used [0x00000000d6380000,0x00000000d63d51c0,0x00000000d6400000)
  to   space 1024K, 0% used [0x00000000d6200000,0x00000000d6200000,0x00000000d6300000)
 ParOldGen       total 68608K, used 67383K [0x0000000080000000, 0x0000000084300000, 0x00000000d5580000)
  object space 68608K, 98% used [0x0000000080000000,0x00000000841cdee0,0x0000000084300000)
 Metaspace       used 68934K, committed 70464K, reserved 1114112K
  class space    used 7132K, committed 7744K, reserved 1048576K
}
Event: 1601.981 GC heap before
{Heap before GC invocations=76 (full 3):
 PSYoungGen      total 11264K, used 11092K [0x00000000d5580000, 0x00000000d6400000, 0x0000000100000000)
  eden space 10752K, 100% used [0x00000000d5580000,0x00000000d6000000,0x00000000d6000000)
  from space 512K, 66% used [0x00000000d6380000,0x00000000d63d51c0,0x00000000d6400000)
  to   space 1024K, 0% used [0x00000000d6200000,0x00000000d6200000,0x00000000d6300000)
 ParOldGen       total 68608K, used 67383K [0x0000000080000000, 0x0000000084300000, 0x00000000d5580000)
  object space 68608K, 98% used [0x0000000080000000,0x00000000841cdee0,0x0000000084300000)
 Metaspace       used 68981K, committed 70464K, reserved 1114112K
  class space    used 7132K, committed 7744K, reserved 1048576K
}
Event: 1601.983 GC heap after
{Heap after GC invocations=76 (full 3):
 PSYoungGen      total 11776K, used 340K [0x00000000d5580000, 0x00000000d6400000, 0x0000000100000000)
  eden space 10752K, 0% used [0x00000000d5580000,0x00000000d5580000,0x00000000d6000000)
  from space 1024K, 33% used [0x00000000d6200000,0x00000000d62551c0,0x00000000d6300000)
  to   space 512K, 0% used [0x00000000d6380000,0x00000000d6380000,0x00000000d6400000)
 ParOldGen       total 68608K, used 67399K [0x0000000080000000, 0x0000000084300000, 0x00000000d5580000)
  object space 68608K, 98% used [0x0000000080000000,0x00000000841d1ee0,0x0000000084300000)
 Metaspace       used 68981K, committed 70464K, reserved 1114112K
  class space    used 7132K, committed 7744K, reserved 1048576K
}
Event: 1603.847 GC heap before
{Heap before GC invocations=77 (full 3):
 PSYoungGen      total 11776K, used 11092K [0x00000000d5580000, 0x00000000d6400000, 0x0000000100000000)
  eden space 10752K, 100% used [0x00000000d5580000,0x00000000d6000000,0x00000000d6000000)
  from space 1024K, 33% used [0x00000000d6200000,0x00000000d62551c0,0x00000000d6300000)
  to   space 512K, 0% used [0x00000000d6380000,0x00000000d6380000,0x00000000d6400000)
 ParOldGen       total 68608K, used 67399K [0x0000000080000000, 0x0000000084300000, 0x00000000d5580000)
  object space 68608K, 98% used [0x0000000080000000,0x00000000841d1ee0,0x0000000084300000)
 Metaspace       used 69016K, committed 70592K, reserved 1114112K
  class space    used 7136K, committed 7808K, reserved 1048576K
}
Event: 1603.850 GC heap after
{Heap after GC invocations=77 (full 3):
 PSYoungGen      total 11264K, used 502K [0x00000000d5580000, 0x00000000d6600000, 0x0000000100000000)
  eden space 10752K, 0% used [0x00000000d5580000,0x00000000d5580000,0x00000000d6000000)
  from space 512K, 98% used [0x00000000d6380000,0x00000000d63fd9e0,0x00000000d6400000)
  to   space 3072K, 0% used [0x00000000d6000000,0x00000000d6000000,0x00000000d6300000)
 ParOldGen       total 69632K, used 69526K [0x0000000080000000, 0x0000000084400000, 0x00000000d5580000)
  object space 69632K, 99% used [0x0000000080000000,0x00000000843e5980,0x0000000084400000)
 Metaspace       used 69016K, committed 70592K, reserved 1114112K
  class space    used 7136K, committed 7808K, reserved 1048576K
}
Event: 1603.881 GC heap before
{Heap before GC invocations=78 (full 3):
 PSYoungGen      total 11264K, used 11254K [0x00000000d5580000, 0x00000000d6600000, 0x0000000100000000)
  eden space 10752K, 100% used [0x00000000d5580000,0x00000000d6000000,0x00000000d6000000)
  from space 512K, 98% used [0x00000000d6380000,0x00000000d63fd9e0,0x00000000d6400000)
  to   space 3072K, 0% used [0x00000000d6000000,0x00000000d6000000,0x00000000d6300000)
 ParOldGen       total 69632K, used 69526K [0x0000000080000000, 0x0000000084400000, 0x00000000d5580000)
  object space 69632K, 99% used [0x0000000080000000,0x00000000843e5980,0x0000000084400000)
 Metaspace       used 69019K, committed 70592K, reserved 1114112K
  class space    used 7136K, committed 7808K, reserved 1048576K
}
Event: 1603.886 GC heap after
{Heap after GC invocations=78 (full 3):
 PSYoungGen      total 13824K, used 3061K [0x00000000d5580000, 0x00000000d6800000, 0x0000000100000000)
  eden space 10752K, 0% used [0x00000000d5580000,0x00000000d5580000,0x00000000d6000000)
  from space 3072K, 99% used [0x00000000d6000000,0x00000000d62fd480,0x00000000d6300000)
  to   space 4096K, 0% used [0x00000000d6400000,0x00000000d6400000,0x00000000d6800000)
 ParOldGen       total 70656K, used 70180K [0x0000000080000000, 0x0000000084500000, 0x00000000d5580000)
  object space 70656K, 99% used [0x0000000080000000,0x00000000844893c0,0x0000000084500000)
 Metaspace       used 69019K, committed 70592K, reserved 1114112K
  class space    used 7136K, committed 7808K, reserved 1048576K
}
Event: 1604.488 GC heap before
{Heap before GC invocations=79 (full 3):
 PSYoungGen      total 13824K, used 13754K [0x00000000d5580000, 0x00000000d6800000, 0x0000000100000000)
  eden space 10752K, 99% used [0x00000000d5580000,0x00000000d5ff1548,0x00000000d6000000)
  from space 3072K, 99% used [0x00000000d6000000,0x00000000d62fd480,0x00000000d6300000)
  to   space 4096K, 0% used [0x00000000d6400000,0x00000000d6400000,0x00000000d6800000)
 ParOldGen       total 70656K, used 70180K [0x0000000080000000, 0x0000000084500000, 0x00000000d5580000)
  object space 70656K, 99% used [0x0000000080000000,0x00000000844893c0,0x0000000084500000)
 Metaspace       used 69032K, committed 70592K, reserved 1114112K
  class space    used 7137K, committed 7808K, reserved 1048576K
}
Event: 1604.490 GC heap after
{Heap after GC invocations=79 (full 3):
 PSYoungGen      total 11776K, used 932K [0x00000000d5580000, 0x00000000d6500000, 0x0000000100000000)
  eden space 10752K, 0% used [0x00000000d5580000,0x00000000d5580000,0x00000000d6000000)
  from space 1024K, 91% used [0x00000000d6400000,0x00000000d64e9320,0x00000000d6500000)
  to   space 2048K, 0% used [0x00000000d6100000,0x00000000d6100000,0x00000000d6300000)
 ParOldGen       total 70656K, used 70204K [0x0000000080000000, 0x0000000084500000, 0x00000000d5580000)
  object space 70656K, 99% used [0x0000000080000000,0x000000008448f3c0,0x0000000084500000)
 Metaspace       used 69032K, committed 70592K, reserved 1114112K
  class space    used 7137K, committed 7808K, reserved 1048576K
}

Dll operation events (10 events):
Event: 0.019 Loaded shared library c:\Users\HP\.antigravity\extensions\redhat.java-1.53.0-win32-x64\jre\21.0.10-win32-x86_64\bin\java.dll
Event: 0.158 Loaded shared library c:\Users\HP\.antigravity\extensions\redhat.java-1.53.0-win32-x64\jre\21.0.10-win32-x86_64\bin\zip.dll
Event: 0.191 Loaded shared library C:\Users\HP\.antigravity\extensions\redhat.java-1.53.0-win32-x64\jre\21.0.10-win32-x86_64\bin\instrument.dll
Event: 0.197 Loaded shared library C:\Users\HP\.antigravity\extensions\redhat.java-1.53.0-win32-x64\jre\21.0.10-win32-x86_64\bin\net.dll
Event: 0.200 Loaded shared library C:\Users\HP\.antigravity\extensions\redhat.java-1.53.0-win32-x64\jre\21.0.10-win32-x86_64\bin\nio.dll
Event: 0.207 Loaded shared library C:\Users\HP\.antigravity\extensions\redhat.java-1.53.0-win32-x64\jre\21.0.10-win32-x86_64\bin\zip.dll
Event: 0.331 Loaded shared library C:\Users\HP\.antigravity\extensions\redhat.java-1.53.0-win32-x64\jre\21.0.10-win32-x86_64\bin\jimage.dll
Event: 0.956 Loaded shared library c:\Users\HP\.antigravity\extensions\redhat.java-1.53.0-win32-x64\jre\21.0.10-win32-x86_64\bin\verify.dll
Event: 4.145 Loaded shared library C:\Users\HP\AppData\Roaming\Antigravity\User\globalStorage\redhat.java\1.53.0\config_win\org.eclipse.equinox.launcher\org.eclipse.equinox.launcher.win32.win32.x86_64_1.3.0.v20260203-2149\eclipse_11919.dll
Event: 8.002 Loaded shared library C:\Users\HP\AppData\Local\Temp\jna-2312\jna12438000692535539404.dll

Deoptimization events (20 events):
Event: 1586.511 Thread 0x000002b5cb4ad390 DEOPT PACKING pc=0x000002b5f64463dc sp=0x000000ef08cfe280
Event: 1586.512 Thread 0x000002b5cb4ad390 DEOPT UNPACKING pc=0x000002b5f5806da2 sp=0x000000ef08cfe228 mode 2
Event: 1587.024 Thread 0x000002b5cb4ad390 Uncommon trap: trap_request=0xffffffd6 fr.pc=0x000002b5f66530d8 relative=0x0000000000000b38
Event: 1587.024 Thread 0x000002b5cb4ad390 Uncommon trap: reason=array_check action=maybe_recompile pc=0x000002b5f66530d8 method=com.google.gson.internal.GsonTypes$ParameterizedTypeImpl.<init>(Ljava/lang/reflect/Type;Ljava/lang/Class;[Ljava/lang/reflect/Type;)V @ 136 c2
Event: 1587.024 Thread 0x000002b5cb4ad390 DEOPT PACKING pc=0x000002b5f66530d8 sp=0x000000ef08cfe150
Event: 1587.024 Thread 0x000002b5cb4ad390 DEOPT UNPACKING pc=0x000002b5f5806da2 sp=0x000000ef08cfe020 mode 2
Event: 1596.557 Thread 0x000002b5cb4aedd0 Uncommon trap: trap_request=0xffffffd6 fr.pc=0x000002b5f66530d8 relative=0x0000000000000b38
Event: 1596.557 Thread 0x000002b5cb4aedd0 Uncommon trap: reason=array_check action=maybe_recompile pc=0x000002b5f66530d8 method=com.google.gson.internal.GsonTypes$ParameterizedTypeImpl.<init>(Ljava/lang/reflect/Type;Ljava/lang/Class;[Ljava/lang/reflect/Type;)V @ 136 c2
Event: 1596.557 Thread 0x000002b5cb4aedd0 DEOPT PACKING pc=0x000002b5f66530d8 sp=0x000000ef0b7fed40
Event: 1596.557 Thread 0x000002b5cb4aedd0 DEOPT UNPACKING pc=0x000002b5f5806da2 sp=0x000000ef0b7fec10 mode 2
Event: 1599.017 Thread 0x000002b5cb4aedd0 Uncommon trap: trap_request=0xffffffd6 fr.pc=0x000002b5f6637bd4 relative=0x0000000000000814
Event: 1599.017 Thread 0x000002b5cb4aedd0 Uncommon trap: reason=array_check action=maybe_recompile pc=0x000002b5f6637bd4 method=com.google.gson.internal.GsonTypes$ParameterizedTypeImpl.<init>(Ljava/lang/reflect/Type;Ljava/lang/Class;[Ljava/lang/reflect/Type;)V @ 136 c2
Event: 1599.017 Thread 0x000002b5cb4aedd0 DEOPT PACKING pc=0x000002b5f6637bd4 sp=0x000000ef0b7fecd0
Event: 1599.017 Thread 0x000002b5cb4aedd0 DEOPT UNPACKING pc=0x000002b5f5806da2 sp=0x000000ef0b7fec08 mode 2
Event: 1601.524 Thread 0x000002b5cb4ad390 Uncommon trap: trap_request=0xffffff6e fr.pc=0x000002b5f66c9e18 relative=0x0000000000000878
Event: 1601.524 Thread 0x000002b5cb4ad390 Uncommon trap: reason=loop_limit_check action=maybe_recompile pc=0x000002b5f66c9e18 method=org.eclipse.jdt.internal.formatter.TokenManager.getLength(IIII)I @ 88 c2
Event: 1601.524 Thread 0x000002b5cb4ad390 DEOPT PACKING pc=0x000002b5f66c9e18 sp=0x000000ef08cfd530
Event: 1601.525 Thread 0x000002b5cb4ad390 DEOPT UNPACKING pc=0x000002b5f5806da2 sp=0x000000ef08cfd340 mode 2
Event: 1601.552 Thread 0x000002b5cb4ad390 DEOPT PACKING pc=0x000002b5efc546a9 sp=0x000000ef08cfd4d0
Event: 1601.553 Thread 0x000002b5cb4ad390 DEOPT UNPACKING pc=0x000002b5f58078e2 sp=0x000000ef08cfc968 mode 0

Classes loaded (20 events):
Event: 370.172 Loading class java/io/ObjectOutputStream$HandleTable
Event: 370.173 Loading class java/io/ObjectOutputStream$HandleTable done
Event: 370.174 Loading class java/io/ObjectOutputStream$ReplaceTable
Event: 370.178 Loading class java/io/ObjectOutputStream$ReplaceTable done
Event: 1081.104 Loading class java/util/concurrent/ConcurrentHashMap$TreeNode
Event: 1081.114 Loading class java/util/concurrent/ConcurrentHashMap$TreeNode done
Event: 1081.136 Loading class java/util/concurrent/ConcurrentHashMap$TreeBin
Event: 1081.145 Loading class java/util/concurrent/ConcurrentHashMap$TreeBin done
Event: 1083.096 Loading class jdk/internal/ref/CleanerImpl$InnocuousThreadFactory
Event: 1083.101 Loading class jdk/internal/ref/CleanerImpl$InnocuousThreadFactory done
Event: 1083.598 Loading class java/util/regex/Pattern$Behind
Event: 1083.599 Loading class java/util/regex/Pattern$Behind done
Event: 1083.600 Loading class java/util/regex/Pattern$Neg
Event: 1083.600 Loading class java/util/regex/Pattern$Neg done
Event: 1114.870 Loading class java/util/stream/ReduceOps$5
Event: 1114.872 Loading class java/util/stream/ReduceOps$5 done
Event: 1114.873 Loading class java/util/stream/ReduceOps$CountingSink$OfRef
Event: 1114.873 Loading class java/util/stream/ReduceOps$CountingSink
Event: 1114.875 Loading class java/util/stream/ReduceOps$CountingSink done
Event: 1114.875 Loading class java/util/stream/ReduceOps$CountingSink$OfRef done

Classes unloaded (7 events):
Event: 10.138 Thread 0x000002b5eb13c3b0 Unloading class 0x000002b5851ad400 'java/lang/invoke/LambdaForm$MH+0x000002b5851ad400'
Event: 10.138 Thread 0x000002b5eb13c3b0 Unloading class 0x000002b5851ad000 'java/lang/invoke/LambdaForm$MH+0x000002b5851ad000'
Event: 10.138 Thread 0x000002b5eb13c3b0 Unloading class 0x000002b5851acc00 'java/lang/invoke/LambdaForm$MH+0x000002b5851acc00'
Event: 10.138 Thread 0x000002b5eb13c3b0 Unloading class 0x000002b5851ac800 'java/lang/invoke/LambdaForm$MH+0x000002b5851ac800'
Event: 10.138 Thread 0x000002b5eb13c3b0 Unloading class 0x000002b5851ac400 'java/lang/invoke/LambdaForm$BMH+0x000002b5851ac400'
Event: 10.138 Thread 0x000002b5eb13c3b0 Unloading class 0x000002b5851ac000 'java/lang/invoke/LambdaForm$DMH+0x000002b5851ac000'
Event: 10.138 Thread 0x000002b5eb13c3b0 Unloading class 0x000002b5851aac00 'java/lang/invoke/LambdaForm$DMH+0x000002b5851aac00'

Classes redefined (0 events):
No events

Internal exceptions (20 events):
Event: 1074.581 Thread 0x000002b5cb4aedd0 Exception <a 'java/lang/IncompatibleClassChangeError'{0x00000000d60d28a0}: Found class java.lang.Object, but interface was expected> (0x00000000d60d28a0) 
thrown [s\src\hotspot\share\interpreter\linkResolver.cpp, line 840]
Event: 1074.673 Thread 0x000002b5cb4aedd0 Exception <a 'java/lang/IncompatibleClassChangeError'{0x00000000d60fe928}: Found class java.lang.Object, but interface was expected> (0x00000000d60fe928) 
thrown [s\src\hotspot\share\interpreter\linkResolver.cpp, line 840]
Event: 1074.713 Thread 0x000002b5cb4aedd0 Exception <a 'java/lang/IncompatibleClassChangeError'{0x00000000d616c340}: Found class java.lang.Object, but interface was expected> (0x00000000d616c340) 
thrown [s\src\hotspot\share\interpreter\linkResolver.cpp, line 840]
Event: 1074.725 Thread 0x000002b5cb4a9f10 Exception <a 'java/lang/NoSuchMethodError'{0x00000000d619b0c8}: 'java.lang.Object java.lang.invoke.DirectMethodHandle$Holder.invokeSpecial(java.lang.Object, java.lang.Object, java.lang.Object, java.lang.Object, int, java.lang.Object, java.lang.Object)'> (0x00000000d619b0c8) 
thrown [s\src\hotspot\share\interpreter\linkResolver.cpp, line 773]
Event: 1074.890 Thread 0x000002b5cb4acd00 Exception <a 'java/lang/ArrayIndexOutOfBoundsException'{0x00000000d628cc90}> (0x00000000d628cc90) 
thrown [s\src\hotspot\share\runtime\sharedRuntime.cpp, line 625]
Event: 1074.958 Thread 0x000002b5cb4ad390 Exception <a 'java/lang/IncompatibleClassChangeError'{0x00000000d63489c0}: Found class java.lang.Object, but interface was expected> (0x00000000d63489c0) 
thrown [s\src\hotspot\share\interpreter\linkResolver.cpp, line 840]
Event: 1081.519 Thread 0x000002b5cb4acd00 Implicit null exception at 0x000002b5f616ffa5 to 0x000002b5f6170314
Event: 1081.548 Thread 0x000002b5cb4a9f10 Implicit null exception at 0x000002b5f631b217 to 0x000002b5f631b2b1
Event: 1082.895 Thread 0x000002b5cb4acd00 Implicit null exception at 0x000002b5f63087ce to 0x000002b5f630d0c4
Event: 1082.898 Thread 0x000002b5cb4acd00 Implicit null exception at 0x000002b5f62fab59 to 0x000002b5f62fc5a0
Event: 1083.310 Thread 0x000002b5cb4acd00 Exception <a 'java/lang/NoSuchMethodError'{0x00000000d58a4368}: 'java.lang.Object java.lang.invoke.DirectMethodHandle$Holder.invokeStatic(java.lang.Object, int, java.lang.Object, java.lang.Object, java.lang.Object, java.lang.Object)'> (0x00000000d58a4368) 
thrown [s\src\hotspot\share\interpreter\linkResolver.cpp, line 773]
Event: 1083.502 Thread 0x000002b5cb4acd00 Exception <a 'java/lang/NoSuchMethodError'{0x00000000d5c25d78}: 'void java.lang.invoke.DirectMethodHandle$Holder.invokeSpecial(java.lang.Object, java.lang.Object, int)'> (0x00000000d5c25d78) 
thrown [s\src\hotspot\share\interpreter\linkResolver.cpp, line 773]
Event: 1083.718 Thread 0x000002b5cb4acd00 Exception <a 'java/lang/NoSuchMethodError'{0x00000000d572ecd0}: 'int java.lang.invoke.DirectMethodHandle$Holder.invokeVirtual(java.lang.Object, java.lang.Object, java.lang.Object, int)'> (0x00000000d572ecd0) 
thrown [s\src\hotspot\share\interpreter\linkResolver.cpp, line 773]
Event: 1085.450 Thread 0x000002b5cb4aedd0 Exception <a 'java/lang/IncompatibleClassChangeError'{0x00000000d5875948}: Found class java.lang.Object, but interface was expected> (0x00000000d5875948) 
thrown [s\src\hotspot\share\interpreter\linkResolver.cpp, line 840]
Event: 1107.976 Thread 0x000002b5cb4a9f10 Exception <a 'java/lang/ArrayIndexOutOfBoundsException'{0x00000000d60ac7c8}: Index 37993 out of bounds for length 37992> (0x00000000d60ac7c8) 
thrown [s\src\hotspot\share\interpreter\interpreterRuntime.cpp, line 439]
Event: 1114.665 Thread 0x000002b5cb4aedd0 Exception <a 'java/lang/IncompatibleClassChangeError'{0x00000000d57aaef0}: Found class java.lang.Object, but interface was expected> (0x00000000d57aaef0) 
thrown [s\src\hotspot\share\interpreter\linkResolver.cpp, line 840]
Event: 1114.751 Thread 0x000002b5cb4aedd0 Exception <a 'java/lang/IncompatibleClassChangeError'{0x00000000d5b3d9b0}: Found class java.lang.Object, but interface was expected> (0x00000000d5b3d9b0) 
thrown [s\src\hotspot\share\interpreter\linkResolver.cpp, line 840]
Event: 1114.751 Thread 0x000002b5cb4aedd0 Exception <a 'java/lang/IncompatibleClassChangeError'{0x00000000d5b41ab8}: Found class java.lang.Object, but interface was expected> (0x00000000d5b41ab8) 
thrown [s\src\hotspot\share\interpreter\linkResolver.cpp, line 840]
Event: 1413.150 Thread 0x000002b5cb4ad390 Exception <a 'java/lang/ArrayIndexOutOfBoundsException'{0x00000000d55a3158}> (0x00000000d55a3158) 
thrown [s\src\hotspot\share\runtime\sharedRuntime.cpp, line 625]
Event: 1604.449 Thread 0x000002b5cb4aedd0 Exception <a 'java/lang/IncompatibleClassChangeError'{0x00000000d5a07190}: Found class java.lang.Object, but interface was expected> (0x00000000d5a07190) 
thrown [s\src\hotspot\share\interpreter\linkResolver.cpp, line 840]

ZGC Phase Switch (0 events):
No events

VM Operations (20 events):
Event: 2285.613 Executing non-safepoint VM operation: RendezvousGCThreads
Event: 2285.613 Executing non-safepoint VM operation: RendezvousGCThreads done
Event: 2345.804 Executing non-safepoint VM operation: HandshakeAllThreads (HandshakeForDeflation)
Event: 2345.807 Executing non-safepoint VM operation: HandshakeAllThreads (HandshakeForDeflation) done
Event: 2345.807 Executing non-safepoint VM operation: RendezvousGCThreads
Event: 2345.808 Executing non-safepoint VM operation: RendezvousGCThreads done
Event: 2406.521 Executing non-safepoint VM operation: HandshakeAllThreads (HandshakeForDeflation)
Event: 2406.559 Executing non-safepoint VM operation: HandshakeAllThreads (HandshakeForDeflation) done
Event: 2406.563 Executing non-safepoint VM operation: RendezvousGCThreads
Event: 2406.563 Executing non-safepoint VM operation: RendezvousGCThreads done
Event: 2466.178 Executing non-safepoint VM operation: HandshakeAllThreads (HandshakeForDeflation)
Event: 2466.193 Executing non-safepoint VM operation: HandshakeAllThreads (HandshakeForDeflation) done
Event: 2466.194 Executing non-safepoint VM operation: RendezvousGCThreads
Event: 2466.194 Executing non-safepoint VM operation: RendezvousGCThreads done
Event: 2526.344 Executing non-safepoint VM operation: HandshakeAllThreads (HandshakeForDeflation)
Event: 2526.346 Executing non-safepoint VM operation: HandshakeAllThreads (HandshakeForDeflation) done
Event: 2526.355 Executing non-safepoint VM operation: RendezvousGCThreads
Event: 2526.355 Executing non-safepoint VM operation: RendezvousGCThreads done
Event: 2552.569 Executing safepoint VM operation: Cleanup
Event: 2553.367 Executing safepoint VM operation: Cleanup done

Memory protections (0 events):
No events

Nmethod flushes (20 events):
Event: 24.318 Thread 0x000002b5eb13c3b0 flushing  nmethod 0x000002b5eeb52f90
Event: 24.318 Thread 0x000002b5eb13c3b0 flushing  nmethod 0x000002b5eeb6af90
Event: 24.318 Thread 0x000002b5eb13c3b0 flushing  nmethod 0x000002b5eeb71190
Event: 24.318 Thread 0x000002b5eb13c3b0 flushing  nmethod 0x000002b5eeb71f90
Event: 24.318 Thread 0x000002b5eb13c3b0 flushing  nmethod 0x000002b5eeb75490
Event: 24.318 Thread 0x000002b5eb13c3b0 flushing  nmethod 0x000002b5eebb6290
Event: 24.318 Thread 0x000002b5eb13c3b0 flushing  nmethod 0x000002b5eebc9d90
Event: 24.318 Thread 0x000002b5eb13c3b0 flushing  nmethod 0x000002b5eebcc210
Event: 24.318 Thread 0x000002b5eb13c3b0 flushing  nmethod 0x000002b5eebd0490
Event: 24.318 Thread 0x000002b5eb13c3b0 flushing  nmethod 0x000002b5eebd1390
Event: 24.318 Thread 0x000002b5eb13c3b0 flushing  nmethod 0x000002b5eebd2090
Event: 24.318 Thread 0x000002b5eb13c3b0 flushing  nmethod 0x000002b5eebd2a90
Event: 24.318 Thread 0x000002b5eb13c3b0 flushing  nmethod 0x000002b5eebd3310
Event: 24.318 Thread 0x000002b5eb13c3b0 flushing  nmethod 0x000002b5eebde690
Event: 24.318 Thread 0x000002b5eb13c3b0 flushing  nmethod 0x000002b5eebe5c90
Event: 24.318 Thread 0x000002b5eb13c3b0 flushing  nmethod 0x000002b5eebec310
Event: 24.318 Thread 0x000002b5eb13c3b0 flushing  nmethod 0x000002b5eec12790
Event: 24.318 Thread 0x000002b5eb13c3b0 flushing  nmethod 0x000002b5eec2da10
Event: 24.318 Thread 0x000002b5eb13c3b0 flushing  nmethod 0x000002b5eec51890
Event: 24.318 Thread 0x000002b5eb13c3b0 flushing  nmethod 0x000002b5eec67a10

Events (20 events):
Event: 1488.443 Thread 0x000002b5cb4ada20 Thread exited: 0x000002b5cb4ada20
Event: 1488.490 Thread 0x000002b5fe9d6d10 Thread added: 0x000002b5cb4ada20
Event: 1488.509 Thread 0x000002b5cb4ada20 Thread added: 0x000002b5cb4ae0b0
Event: 1488.526 Thread 0x000002b5cb4ada20 Thread added: 0x000002b5fe9d73a0
Event: 1488.542 Thread 0x000002b5fe9d73a0 Thread exited: 0x000002b5fe9d73a0
Event: 1488.543 Thread 0x000002b5cb4ada20 Thread exited: 0x000002b5cb4ada20
Event: 1488.543 Thread 0x000002b5cb4ae0b0 Thread exited: 0x000002b5cb4ae0b0
Event: 1526.523 Thread 0x000002b5cb4a9f10 Thread exited: 0x000002b5cb4a9f10
Event: 1584.980 Thread 0x000002b5cb4ad390 Thread added: 0x000002b5fe9d73a0
Event: 1666.042 Thread 0x000002b5cb4ad390 Thread exited: 0x000002b5cb4ad390
Event: 1725.944 Thread 0x000002b5fe9d73a0 Thread exited: 0x000002b5fe9d73a0
Event: 1785.961 Thread 0x000002b5cb4acd00 Thread exited: 0x000002b5cb4acd00
Event: 1834.123 Thread 0x000002b5cb4aedd0 Thread added: 0x000002b5fe9d8750
Event: 1898.791 Thread 0x000002b5fe9d6d10 Thread added: 0x000002b5fe9d73a0
Event: 1898.833 Thread 0x000002b5fe9d73a0 Thread exited: 0x000002b5fe9d73a0
Event: 1898.907 Thread 0x000002b5fe9d6d10 Thread added: 0x000002b5fe9d73a0
Event: 1898.916 Thread 0x000002b5fe9d73a0 Thread added: 0x000002b5fe9d8de0
Event: 1898.924 Thread 0x000002b5fe9d73a0 Thread exited: 0x000002b5fe9d73a0
Event: 1898.925 Thread 0x000002b5fe9d8de0 Thread exited: 0x000002b5fe9d8de0
Event: 1923.883 Thread 0x000002b5fe9d8750 Thread exited: 0x000002b5fe9d8750


Dynamic libraries:
0x00007ff6edd40000 - 0x00007ff6edd4e000 	c:\Users\HP\.antigravity\extensions\redhat.java-1.53.0-win32-x64\jre\21.0.10-win32-x86_64\bin\java.exe
0x00007ffa9c320000 - 0x00007ffa9c588000 	C:\WINDOWS\SYSTEM32\ntdll.dll
0x00007ffa9b6d0000 - 0x00007ffa9b799000 	C:\WINDOWS\System32\KERNEL32.DLL
0x00007ffa98c00000 - 0x00007ffa98ff1000 	C:\WINDOWS\System32\KERNELBASE.dll
0x00007ffa99310000 - 0x00007ffa9945b000 	C:\WINDOWS\System32\ucrtbase.dll
0x00007ffa7a020000 - 0x00007ffa7a038000 	c:\Users\HP\.antigravity\extensions\redhat.java-1.53.0-win32-x64\jre\21.0.10-win32-x86_64\bin\jli.dll
0x00007ffa7c610000 - 0x00007ffa7c62e000 	c:\Users\HP\.antigravity\extensions\redhat.java-1.53.0-win32-x64\jre\21.0.10-win32-x86_64\bin\VCRUNTIME140.dll
0x00007ffa9b390000 - 0x00007ffa9b556000 	C:\WINDOWS\System32\USER32.dll
0x00007ffa992e0000 - 0x00007ffa99307000 	C:\WINDOWS\System32\win32u.dll
0x00007ffa9b6a0000 - 0x00007ffa9b6cb000 	C:\WINDOWS\System32\GDI32.dll
0x00007ffa80c70000 - 0x00007ffa80f03000 	C:\WINDOWS\WinSxS\amd64_microsoft.windows.common-controls_6595b64144ccf1df_6.0.26100.7824_none_3e0870b2e3345462\COMCTL32.dll
0x00007ffa99d80000 - 0x00007ffa99eab000 	C:\WINDOWS\System32\gdi32full.dll
0x00007ffa9b5f0000 - 0x00007ffa9b699000 	C:\WINDOWS\System32\msvcrt.dll
0x00007ffa99230000 - 0x00007ffa992d3000 	C:\WINDOWS\System32\msvcp_win.dll
0x00007ffa9a980000 - 0x00007ffa9a9b1000 	C:\WINDOWS\System32\IMM32.DLL
0x00007ffa8f510000 - 0x00007ffa8f51c000 	c:\Users\HP\.antigravity\extensions\redhat.java-1.53.0-win32-x64\jre\21.0.10-win32-x86_64\bin\vcruntime140_1.dll
0x00007ffa578f0000 - 0x00007ffa5797d000 	c:\Users\HP\.antigravity\extensions\redhat.java-1.53.0-win32-x64\jre\21.0.10-win32-x86_64\bin\msvcp140.dll
0x00007ffa3ed20000 - 0x00007ffa3fac1000 	c:\Users\HP\.antigravity\extensions\redhat.java-1.53.0-win32-x64\jre\21.0.10-win32-x86_64\bin\server\jvm.dll
0x00007ffa9c0d0000 - 0x00007ffa9c184000 	C:\WINDOWS\System32\ADVAPI32.dll
0x00007ffa9b7d0000 - 0x00007ffa9b876000 	C:\WINDOWS\System32\sechost.dll
0x00007ffa9baf0000 - 0x00007ffa9bc08000 	C:\WINDOWS\System32\RPCRT4.dll
0x00007ffa9a820000 - 0x00007ffa9a894000 	C:\WINDOWS\System32\WS2_32.dll
0x00007ffa98a80000 - 0x00007ffa98ade000 	C:\WINDOWS\SYSTEM32\POWRPROF.dll
0x00007ffa7bc00000 - 0x00007ffa7bc35000 	C:\WINDOWS\SYSTEM32\WINMM.dll
0x00007ffa8ef20000 - 0x00007ffa8ef2b000 	C:\WINDOWS\SYSTEM32\VERSION.dll
0x00007ffa98a60000 - 0x00007ffa98a74000 	C:\WINDOWS\SYSTEM32\UMPDC.dll
0x00007ffa97960000 - 0x00007ffa9797b000 	C:\WINDOWS\SYSTEM32\kernel.appcore.dll
0x00007ffa83cb0000 - 0x00007ffa83cba000 	c:\Users\HP\.antigravity\extensions\redhat.java-1.53.0-win32-x64\jre\21.0.10-win32-x86_64\bin\jimage.dll
0x00007ffa96b80000 - 0x00007ffa96dc2000 	C:\WINDOWS\SYSTEM32\DBGHELP.DLL
0x00007ffa9a9c0000 - 0x00007ffa9ad46000 	C:\WINDOWS\System32\combase.dll
0x00007ffa9a8a0000 - 0x00007ffa9a977000 	C:\WINDOWS\System32\OLEAUT32.dll
0x00007ffa7a180000 - 0x00007ffa7a1bb000 	C:\WINDOWS\SYSTEM32\dbgcore.DLL
0x00007ffa99460000 - 0x00007ffa99505000 	C:\WINDOWS\System32\bcryptPrimitives.dll
0x00007ffa83c80000 - 0x00007ffa83c8f000 	c:\Users\HP\.antigravity\extensions\redhat.java-1.53.0-win32-x64\jre\21.0.10-win32-x86_64\bin\instrument.dll
0x00007ffa787b0000 - 0x00007ffa787d0000 	c:\Users\HP\.antigravity\extensions\redhat.java-1.53.0-win32-x64\jre\21.0.10-win32-x86_64\bin\java.dll
0x00007ffa9a0c0000 - 0x00007ffa9a812000 	C:\WINDOWS\System32\SHELL32.dll
0x00007ffa99000000 - 0x00007ffa9916a000 	C:\WINDOWS\System32\wintypes.dll
0x00007ffa99510000 - 0x00007ffa99d73000 	C:\WINDOWS\System32\windows.storage.dll
0x00007ffa9b9f0000 - 0x00007ffa9bae6000 	C:\WINDOWS\System32\SHCORE.dll
0x00007ffa9c1a0000 - 0x00007ffa9c207000 	C:\WINDOWS\System32\shlwapi.dll
0x00007ffa98b20000 - 0x00007ffa98b49000 	C:\WINDOWS\SYSTEM32\profapi.dll
0x00007ffa74460000 - 0x00007ffa74478000 	c:\Users\HP\.antigravity\extensions\redhat.java-1.53.0-win32-x64\jre\21.0.10-win32-x86_64\bin\zip.dll
0x00007ffa819a0000 - 0x00007ffa819b0000 	C:\Users\HP\.antigravity\extensions\redhat.java-1.53.0-win32-x64\jre\21.0.10-win32-x86_64\bin\net.dll
0x00007ffa896f0000 - 0x00007ffa89817000 	C:\WINDOWS\SYSTEM32\WINHTTP.dll
0x00007ffa97eb0000 - 0x00007ffa97f1b000 	C:\WINDOWS\system32\mswsock.dll
0x00007ffa73110000 - 0x00007ffa73126000 	C:\Users\HP\.antigravity\extensions\redhat.java-1.53.0-win32-x64\jre\21.0.10-win32-x86_64\bin\nio.dll
0x00007ffa817c0000 - 0x00007ffa817d0000 	c:\Users\HP\.antigravity\extensions\redhat.java-1.53.0-win32-x64\jre\21.0.10-win32-x86_64\bin\verify.dll
0x00007ffa56b00000 - 0x00007ffa56b45000 	C:\Users\HP\AppData\Roaming\Antigravity\User\globalStorage\redhat.java\1.53.0\config_win\org.eclipse.equinox.launcher\org.eclipse.equinox.launcher.win32.win32.x86_64_1.3.0.v20260203-2149\eclipse_11919.dll
0x00007ffa9b190000 - 0x00007ffa9b327000 	C:\WINDOWS\System32\ole32.dll
0x00007ffa982a0000 - 0x00007ffa982bb000 	C:\WINDOWS\SYSTEM32\CRYPTSP.dll
0x00007ffa978c0000 - 0x00007ffa978f9000 	C:\WINDOWS\system32\rsaenh.dll
0x00007ffa97f60000 - 0x00007ffa97f8b000 	C:\WINDOWS\SYSTEM32\USERENV.dll
0x00007ffa98af0000 - 0x00007ffa98b1a000 	C:\WINDOWS\SYSTEM32\bcrypt.dll
0x00007ffa98100000 - 0x00007ffa9810c000 	C:\WINDOWS\SYSTEM32\CRYPTBASE.dll
0x00007ffa97360000 - 0x00007ffa97394000 	C:\WINDOWS\SYSTEM32\IPHLPAPI.DLL
0x00007ffa9b5e0000 - 0x00007ffa9b5ea000 	C:\WINDOWS\System32\NSI.dll
0x00007ffa565f0000 - 0x00007ffa56639000 	C:\Users\HP\AppData\Local\Temp\jna-2312\jna12438000692535539404.dll
0x00007ffa9c2d0000 - 0x00007ffa9c2d8000 	C:\WINDOWS\System32\PSAPI.DLL
0x00007ffa896c0000 - 0x00007ffa896de000 	C:\WINDOWS\SYSTEM32\dhcpcsvc6.DLL
0x00007ffa89610000 - 0x00007ffa89633000 	C:\WINDOWS\SYSTEM32\dhcpcsvc.DLL

JVMTI agents:
c:\Users\HP\.antigravity\extensions\redhat.java-1.53.0-win32-x64\lombok\lombok-1.18.39-4050.jar path:c:\Users\HP\.antigravity\extensions\redhat.java-1.53.0-win32-x64\jre\21.0.10-win32-x86_64\bin\instrument.dll, loaded, initialized, instrumentlib options:none

dbghelp: loaded successfully - version: 4.0.5 - missing functions: none
symbol engine: initialized successfully - sym options: 0x614 - pdb path: .;c:\Users\HP\.antigravity\extensions\redhat.java-1.53.0-win32-x64\jre\21.0.10-win32-x86_64\bin;C:\WINDOWS\SYSTEM32;C:\WINDOWS\WinSxS\amd64_microsoft.windows.common-controls_6595b64144ccf1df_6.0.26100.7824_none_3e0870b2e3345462;c:\Users\HP\.antigravity\extensions\redhat.java-1.53.0-win32-x64\jre\21.0.10-win32-x86_64\bin\server;C:\Users\HP\AppData\Roaming\Antigravity\User\globalStorage\redhat.java\1.53.0\config_win\org.eclipse.equinox.launcher\org.eclipse.equinox.launcher.win32.win32.x86_64_1.3.0.v20260203-2149;C:\Users\HP\AppData\Local\Temp\jna-2312

VM Arguments:
jvm_args: --add-modules=ALL-SYSTEM --add-opens=java.base/java.util=ALL-UNNAMED --add-opens=java.base/java.lang=ALL-UNNAMED --add-opens=java.base/sun.nio.fs=ALL-UNNAMED -Declipse.application=org.eclipse.jdt.ls.core.id1 -Dosgi.bundles.defaultStartLevel=4 -Declipse.product=org.eclipse.jdt.ls.core.product -Djava.import.generatesMetadataFilesAtProjectRoot=false -DDetectVMInstallationsJob.disabled=true -Dfile.encoding=utf8 -XX:+UseParallelGC -XX:GCTimeRatio=4 -XX:AdaptiveSizePolicyWeight=90 -Dsun.zip.disableMemoryMapping=true -Xmx2G -Xms100m -Xlog:disable -javaagent:c:\Users\HP\.antigravity\extensions\redhat.java-1.53.0-win32-x64\lombok\lombok-1.18.39-4050.jar -XX:+HeapDumpOnOutOfMemoryError -XX:HeapDumpPath=c:\Users\HP\AppData\Roaming\Antigravity\User\workspaceStorage\a7d5bace82118a28a6578b1ee4569371\redhat.java -Daether.dependencyCollector.impl=bf 
java_command: c:\Users\HP\.antigravity\extensions\redhat.java-1.53.0-win32-x64\server\plugins\org.eclipse.equinox.launcher_1.7.100.v20251111-0406.jar -configuration c:\Users\HP\AppData\Roaming\Antigravity\User\globalStorage\redhat.java\1.53.0\config_win -data c:\Users\HP\AppData\Roaming\Antigravity\User\workspaceStorage\a7d5bace82118a28a6578b1ee4569371\redhat.java\jdt_ws --pipe=\\.\pipe\lsp-fc56417351d12a32551ecca0caec67a0-sock
java_class_path (initial): c:\Users\HP\.antigravity\extensions\redhat.java-1.53.0-win32-x64\server\plugins\org.eclipse.equinox.launcher_1.7.100.v20251111-0406.jar
Launcher Type: SUN_STANDARD

[Global flags]
    uintx AdaptiveSizePolicyWeight                 = 90                                        {product} {command line}
     intx CICompilerCount                          = 3                                         {product} {ergonomic}
    uintx GCTimeRatio                              = 4                                         {product} {command line}
     bool HeapDumpOnOutOfMemoryError               = true                                   {manageable} {command line}
    ccstr HeapDumpPath                             = c:\Users\HP\AppData\Roaming\Antigravity\User\workspaceStorage\a7d5bace82118a28a6578b1ee4569371\redhat.java         {manageable} {command line}
   size_t InitialHeapSize                          = 104857600                                 {product} {command line}
   size_t MaxHeapSize                              = 2147483648                                {product} {command line}
   size_t MaxNewSize                               = 715653120                                 {product} {ergonomic}
   size_t MinHeapDeltaBytes                        = 524288                                    {product} {ergonomic}
   size_t MinHeapSize                              = 104857600                                 {product} {command line}
   size_t NewSize                                  = 34603008                                  {product} {ergonomic}
    uintx NonNMethodCodeHeapSize                   = 5832780                                {pd product} {ergonomic}
    uintx NonProfiledCodeHeapSize                  = 122912730                              {pd product} {ergonomic}
   size_t OldSize                                  = 70254592                                  {product} {ergonomic}
    uintx ProfiledCodeHeapSize                     = 122912730                              {pd product} {ergonomic}
    uintx ReservedCodeCacheSize                    = 251658240                              {pd product} {ergonomic}
     bool SegmentedCodeCache                       = true                                      {product} {ergonomic}
   size_t SoftMaxHeapSize                          = 2147483648                             {manageable} {ergonomic}
     bool UseCompressedOops                        = true                           {product lp64_product} {ergonomic}
     bool UseLargePagesIndividualAllocation        = false                                  {pd product} {ergonomic}
     bool UseParallelGC                            = true                                      {product} {command line}

Logging:
Log output configuration:
 #0: stdout all=off uptime,level,tags foldmultilines=false
 #1: stderr all=off uptime,level,tags foldmultilines=false

Release file:
JAVA_VERSION="21.0.10" 
MODULES="java.base java.compiler java.datatransfer java.xml java.prefs java.desktop java.instrument java.logging java.management java.security.sasl java.naming java.rmi java.management.rmi java.net.http java.scripting java.security.jgss java.transaction.xa java.sql java.sql.rowset java.xml.crypto java.se java.smartcardio jdk.accessibility jdk.internal.jvmstat jdk.attach jdk.charsets jdk.internal.opt jdk.zipfs jdk.compiler jdk.crypto.ec jdk.crypto.cryptoki jdk.crypto.mscapi jdk.dynalink jdk.internal.ed jdk.editpad jdk.hotspot.agent jdk.httpserver jdk.internal.le jdk.internal.vm.ci jdk.internal.vm.compiler jdk.internal.vm.compiler.management jdk.jartool jdk.javadoc jdk.jcmd jdk.management jdk.management.agent jdk.jconsole jdk.jdeps jdk.jdwp.agent jdk.jdi jdk.jfr jdk.jshell jdk.jsobject jdk.jstatd jdk.localedata jdk.management.jfr jdk.naming.dns jdk.naming.rmi jdk.net jdk.nio.mapmode jdk.random jdk.sctp jdk.security.auth jdk.security.jgss jdk.unsupported jdk.unsupported.desktop jdk.xml.dom" 

Environment Variables:
PATH=C:\Program Files\Common Files\Oracle\Java\javapath;C:\WINDOWS\system32;C:\WINDOWS;C:\WINDOWS\System32\Wbem;C:\WINDOWS\System32\WindowsPowerShell\v1.0\;C:\WINDOWS\System32\OpenSSH\;C:\Program Files\Java\jdk-25.0.2\bin;C:\Program Files (x86)\Microsoft SQL Server\170\Tools\Binn\;C:\Program Files\Microsoft SQL Server\170\Tools\Binn\;C:\Program Files\Microsoft SQL Server\Client SDK\ODBC\180\Tools\Binn\;C:\Program Files\Microsoft SQL Server\170\DTS\Binn\;C:\Program Files\Git\cmd;C:\Users\HP\AppData\Local\Microsoft\WindowsApps;C:\Program Files\JetBrains\IntelliJ IDEA 2025.3.2\bin;C:\Users\HP\AppData\Local\Programs\Microsoft VS Code\bin;C:\Users\HP\AppData\Local\Programs\Antigravity\bin
USERNAME=HP
OS=Windows_NT
PROCESSOR_IDENTIFIER=Intel64 Family 6 Model 126 Stepping 5, GenuineIntel
TMP=C:\Users\HP\AppData\Local\Temp
TEMP=C:\Users\HP\AppData\Local\Temp




Periodic native trim disabled

---------------  S Y S T E M  ---------------

OS:
 Windows 11 , 64 bit Build 26100 (10.0.26100.7705)
OS uptime: 8 days 0:46 hours
Hyper-V role detected

CPU: total 4 (initial active 4) (2 cores per cpu, 2 threads per core) family 6 model 126 stepping 5 microcode 0xa6, cx8, cmov, fxsr, ht, mmx, 3dnowpref, sse, sse2, sse3, ssse3, sse4.1, sse4.2, popcnt, lzcnt, tsc, tscinvbit, avx, avx2, aes, erms, clmul, bmi1, bmi2, adx, avx512f, avx512dq, avx512cd, avx512bw, avx512vl, sha, fma, vzeroupper, avx512_vpopcntdq, avx512_vpclmulqdq, avx512_vaes, avx512_vnni, clflush, clflushopt, avx512_vbmi2, avx512_vbmi, hv, rdtscp, rdpid, fsrm, gfni, avx512_bitalg, f16c, avx512_ifma
Processor Information for processor 0
  Max Mhz: 1190, Current Mhz: 1190, Mhz Limit: 1190
Processor Information for processor 1
  Max Mhz: 1190, Current Mhz: 991, Mhz Limit: 1190
Processor Information for processor 2
  Max Mhz: 1190, Current Mhz: 1190, Mhz Limit: 1190
Processor Information for processor 3
  Max Mhz: 1190, Current Mhz: 1190, Mhz Limit: 1190

Memory: 4k page, system-wide physical 3877M (269M free)
TotalPageFile size 12930M (AvailPageFile size 176M)
current process WorkingSet (physical memory assigned to process): 8M, peak: 283M
current process commit charge ("private bytes"): 369M, peak: 376M

vm_info: OpenJDK 64-Bit Server VM (21.0.10+7-LTS) for windows-amd64 JRE (21.0.10+7-LTS), built on 2026-01-20T00:00:00Z by "admin" with MS VC++ 17.12 (VS2022)

END.
